main.c:68:6:init_timer	8	static
main.c:95:6:init_ports	8	static
main.c:117:6:init_ADC	8	static
main.c:132:6:check_adc5	8	static
main.c:139:6:check_adc6	8	static
main.c:146:6:check_button	16	static
main.c:162:6:display_tea	8	static
main.c:170:6:conv_tea	8	static
main.c:191:6:display_sugar	8	static
main.c:199:6:conv_sugar	8	static
main.c:230:6:display_confirm	32	static
main.c:275:6:screen_home	8	static
main.c:283:6:screen_tea	8	static
main.c:289:6:screen_sugar	8	static
main.c:295:6:screen_confirm	8	static
main.c:301:6:screen_wait	8	static
main.c:309:6:check_screen	8	static
main.c:372:6:drop_ind	8	static
main.c:443:6:make_tea	8	static
main.c:477:6:temperature_control	16	static
main.c:488:5:main	8	static
