Archive member included to satisfy reference by file (symbol)

d:/program files/truestudio for arm 7.1.1/armtools/bin/../lib/gcc/arm-atollic-eabi/5.3.1/../../../../arm-atollic-eabi/lib/armv6-m\libc_nano.a(lib_a-init.o)
                              src\startup_stm32f051x8.o (__libc_init_array)
d:/program files/truestudio for arm 7.1.1/armtools/bin/../lib/gcc/arm-atollic-eabi/5.3.1/../../../../arm-atollic-eabi/lib/armv6-m\libc_nano.a(lib_a-strcat.o)
                              src\main.o (strcat)
d:/program files/truestudio for arm 7.1.1/armtools/bin/../lib/gcc/arm-atollic-eabi/5.3.1/../../../../arm-atollic-eabi/lib/armv6-m\libc_nano.a(lib_a-strcpy.o)
                              src\main.o (strcpy)
d:/program files/truestudio for arm 7.1.1/armtools/bin/../lib/gcc/arm-atollic-eabi/5.3.1/../../../../arm-atollic-eabi/lib/armv6-m\libc_nano.a(lib_a-strlen.o)
                              src\tiny_printf.o (strlen)
d:/program files/truestudio for arm 7.1.1/armtools/bin/../lib/gcc/arm-atollic-eabi/5.3.1/armv6-m\libgcc.a(_udivsi3.o)
                              src\system_stm32f0xx.o (__aeabi_uidiv)
d:/program files/truestudio for arm 7.1.1/armtools/bin/../lib/gcc/arm-atollic-eabi/5.3.1/armv6-m\libgcc.a(_divsi3.o)
                              src\tiny_printf.o (__aeabi_idiv)
d:/program files/truestudio for arm 7.1.1/armtools/bin/../lib/gcc/arm-atollic-eabi/5.3.1/armv6-m\libgcc.a(_dvmd_tls.o)
                              d:/program files/truestudio for arm 7.1.1/armtools/bin/../lib/gcc/arm-atollic-eabi/5.3.1/armv6-m\libgcc.a(_udivsi3.o) (__aeabi_idiv0)
d:/program files/truestudio for arm 7.1.1/armtools/bin/../lib/gcc/arm-atollic-eabi/5.3.1/armv6-m\libgcc.a(divdf3.o)
                              src\main.o (__aeabi_ddiv)
d:/program files/truestudio for arm 7.1.1/armtools/bin/../lib/gcc/arm-atollic-eabi/5.3.1/armv6-m\libgcc.a(subdf3.o)
                              src\main.o (__aeabi_dsub)
d:/program files/truestudio for arm 7.1.1/armtools/bin/../lib/gcc/arm-atollic-eabi/5.3.1/armv6-m\libgcc.a(fixdfsi.o)
                              src\main.o (__aeabi_d2iz)
d:/program files/truestudio for arm 7.1.1/armtools/bin/../lib/gcc/arm-atollic-eabi/5.3.1/armv6-m\libgcc.a(floatsidf.o)
                              src\main.o (__aeabi_i2d)
d:/program files/truestudio for arm 7.1.1/armtools/bin/../lib/gcc/arm-atollic-eabi/5.3.1/armv6-m\libgcc.a(_clzsi2.o)
                              d:/program files/truestudio for arm 7.1.1/armtools/bin/../lib/gcc/arm-atollic-eabi/5.3.1/armv6-m\libgcc.a(divdf3.o) (__clzsi2)
d:/program files/truestudio for arm 7.1.1/armtools/bin/../lib/gcc/arm-atollic-eabi/5.3.1/../../../../arm-atollic-eabi/lib/armv6-m\libnosys.a(write.o)
                              src\tiny_printf.o (_write)
d:/program files/truestudio for arm 7.1.1/armtools/bin/../lib/gcc/arm-atollic-eabi/5.3.1/../../../../arm-atollic-eabi/lib/armv6-m\libnosys.a(errno.o)
                              d:/program files/truestudio for arm 7.1.1/armtools/bin/../lib/gcc/arm-atollic-eabi/5.3.1/../../../../arm-atollic-eabi/lib/armv6-m\libnosys.a(write.o) (errno)

Allocating common symbols
Common symbol       size              file

errno               0x4               d:/program files/truestudio for arm 7.1.1/armtools/bin/../lib/gcc/arm-atollic-eabi/5.3.1/../../../../arm-atollic-eabi/lib/armv6-m\libnosys.a(errno.o)
tea                 0x4               src\main.o
temp                0x4               src\main.o
level               0x4               src\main.o
sugar_level         0x2               src\main.o
temp_adc            0x4               src\main.o
sw1                 0x4               src\main.o
sel_tea             0x4               src\main.o
ready               0x4               src\main.o
sw2                 0x4               src\main.o
sw0                 0x4               src\main.o

Discarded input sections

 .text          0x00000000        0x0 d:/program files/truestudio for arm 7.1.1/armtools/bin/../lib/gcc/arm-atollic-eabi/5.3.1/armv6-m/crti.o
 .data          0x00000000        0x0 d:/program files/truestudio for arm 7.1.1/armtools/bin/../lib/gcc/arm-atollic-eabi/5.3.1/armv6-m/crti.o
 .bss           0x00000000        0x0 d:/program files/truestudio for arm 7.1.1/armtools/bin/../lib/gcc/arm-atollic-eabi/5.3.1/armv6-m/crti.o
 .data          0x00000000        0x4 d:/program files/truestudio for arm 7.1.1/armtools/bin/../lib/gcc/arm-atollic-eabi/5.3.1/armv6-m/crtbegin.o
 .text          0x00000000        0x0 src\lcd_stm32f0.o
 .data          0x00000000        0x0 src\lcd_stm32f0.o
 .bss           0x00000000        0x0 src\lcd_stm32f0.o
 .text          0x00000000        0x0 src\main.o
 .data          0x00000000        0x0 src\main.o
 .bss           0x00000000        0x0 src\main.o
 .text.check_adc6
                0x00000000       0x34 src\main.o
 .text.make_tea
                0x00000000       0x88 src\main.o
 .text.temperature_control
                0x00000000       0x64 src\main.o
 .text          0x00000000       0x14 src\startup_stm32f051x8.o
 .data          0x00000000        0x0 src\startup_stm32f051x8.o
 .bss           0x00000000        0x0 src\startup_stm32f051x8.o
 .text          0x00000000        0x0 src\system_stm32f0xx.o
 .data          0x00000000        0x0 src\system_stm32f0xx.o
 .bss           0x00000000        0x0 src\system_stm32f0xx.o
 .data.SystemCoreClock
                0x00000000        0x4 src\system_stm32f0xx.o
 .rodata.AHBPrescTable
                0x00000000       0x10 src\system_stm32f0xx.o
 .rodata.APBPrescTable
                0x00000000        0x8 src\system_stm32f0xx.o
 .text.SystemCoreClockUpdate
                0x00000000       0xd8 src\system_stm32f0xx.o
 .text          0x00000000        0x0 src\tiny_printf.o
 .data          0x00000000        0x0 src\tiny_printf.o
 .bss           0x00000000        0x0 src\tiny_printf.o
 .text.ts_itoa  0x00000000       0x98 src\tiny_printf.o
 .text.ts_formatstring
                0x00000000      0x12c src\tiny_printf.o
 .text.ts_formatlength
                0x00000000       0xa8 src\tiny_printf.o
 .rodata.ts_formatlength
                0x00000000       0x84 src\tiny_printf.o
 .text.siprintf
                0x00000000       0x30 src\tiny_printf.o
 .text.fiprintf
                0x00000000       0xc8 src\tiny_printf.o
 .text.iprintf  0x00000000       0xc0 src\tiny_printf.o
 .rodata        0x00000000        0x2 src\tiny_printf.o
 .text.fputs    0x00000000       0x70 src\tiny_printf.o
 .text.puts     0x00000000       0x60 src\tiny_printf.o
 .text.fwrite   0x00000000       0x3c src\tiny_printf.o
 .debug_info    0x00000000      0xbcb src\tiny_printf.o
 .debug_abbrev  0x00000000      0x248 src\tiny_printf.o
 .debug_aranges
                0x00000000       0x60 src\tiny_printf.o
 .debug_ranges  0x00000000       0x50 src\tiny_printf.o
 .debug_line    0x00000000      0x28f src\tiny_printf.o
 .debug_str     0x00000000      0x5fd src\tiny_printf.o
 .comment       0x00000000       0x7f src\tiny_printf.o
 .debug_frame   0x00000000      0x140 src\tiny_printf.o
 .ARM.attributes
                0x00000000       0x31 src\tiny_printf.o
 .text          0x00000000        0x0 d:/program files/truestudio for arm 7.1.1/armtools/bin/../lib/gcc/arm-atollic-eabi/5.3.1/../../../../arm-atollic-eabi/lib/armv6-m\libc_nano.a(lib_a-init.o)
 .data          0x00000000        0x0 d:/program files/truestudio for arm 7.1.1/armtools/bin/../lib/gcc/arm-atollic-eabi/5.3.1/../../../../arm-atollic-eabi/lib/armv6-m\libc_nano.a(lib_a-init.o)
 .bss           0x00000000        0x0 d:/program files/truestudio for arm 7.1.1/armtools/bin/../lib/gcc/arm-atollic-eabi/5.3.1/../../../../arm-atollic-eabi/lib/armv6-m\libc_nano.a(lib_a-init.o)
 .text          0x00000000        0x0 d:/program files/truestudio for arm 7.1.1/armtools/bin/../lib/gcc/arm-atollic-eabi/5.3.1/../../../../arm-atollic-eabi/lib/armv6-m\libc_nano.a(lib_a-strcat.o)
 .data          0x00000000        0x0 d:/program files/truestudio for arm 7.1.1/armtools/bin/../lib/gcc/arm-atollic-eabi/5.3.1/../../../../arm-atollic-eabi/lib/armv6-m\libc_nano.a(lib_a-strcat.o)
 .bss           0x00000000        0x0 d:/program files/truestudio for arm 7.1.1/armtools/bin/../lib/gcc/arm-atollic-eabi/5.3.1/../../../../arm-atollic-eabi/lib/armv6-m\libc_nano.a(lib_a-strcat.o)
 .text          0x00000000        0x0 d:/program files/truestudio for arm 7.1.1/armtools/bin/../lib/gcc/arm-atollic-eabi/5.3.1/../../../../arm-atollic-eabi/lib/armv6-m\libc_nano.a(lib_a-strcpy.o)
 .data          0x00000000        0x0 d:/program files/truestudio for arm 7.1.1/armtools/bin/../lib/gcc/arm-atollic-eabi/5.3.1/../../../../arm-atollic-eabi/lib/armv6-m\libc_nano.a(lib_a-strcpy.o)
 .bss           0x00000000        0x0 d:/program files/truestudio for arm 7.1.1/armtools/bin/../lib/gcc/arm-atollic-eabi/5.3.1/../../../../arm-atollic-eabi/lib/armv6-m\libc_nano.a(lib_a-strcpy.o)
 .text          0x00000000        0xe d:/program files/truestudio for arm 7.1.1/armtools/bin/../lib/gcc/arm-atollic-eabi/5.3.1/../../../../arm-atollic-eabi/lib/armv6-m\libc_nano.a(lib_a-strlen.o)
 .data          0x00000000        0x0 d:/program files/truestudio for arm 7.1.1/armtools/bin/../lib/gcc/arm-atollic-eabi/5.3.1/../../../../arm-atollic-eabi/lib/armv6-m\libc_nano.a(lib_a-strlen.o)
 .bss           0x00000000        0x0 d:/program files/truestudio for arm 7.1.1/armtools/bin/../lib/gcc/arm-atollic-eabi/5.3.1/../../../../arm-atollic-eabi/lib/armv6-m\libc_nano.a(lib_a-strlen.o)
 .ARM.attributes
                0x00000000       0x1c d:/program files/truestudio for arm 7.1.1/armtools/bin/../lib/gcc/arm-atollic-eabi/5.3.1/../../../../arm-atollic-eabi/lib/armv6-m\libc_nano.a(lib_a-strlen.o)
 .text          0x00000000      0x114 d:/program files/truestudio for arm 7.1.1/armtools/bin/../lib/gcc/arm-atollic-eabi/5.3.1/armv6-m\libgcc.a(_udivsi3.o)
 .data          0x00000000        0x0 d:/program files/truestudio for arm 7.1.1/armtools/bin/../lib/gcc/arm-atollic-eabi/5.3.1/armv6-m\libgcc.a(_udivsi3.o)
 .bss           0x00000000        0x0 d:/program files/truestudio for arm 7.1.1/armtools/bin/../lib/gcc/arm-atollic-eabi/5.3.1/armv6-m\libgcc.a(_udivsi3.o)
 .debug_frame   0x00000000       0x20 d:/program files/truestudio for arm 7.1.1/armtools/bin/../lib/gcc/arm-atollic-eabi/5.3.1/armv6-m\libgcc.a(_udivsi3.o)
 .ARM.attributes
                0x00000000       0x1e d:/program files/truestudio for arm 7.1.1/armtools/bin/../lib/gcc/arm-atollic-eabi/5.3.1/armv6-m\libgcc.a(_udivsi3.o)
 .text          0x00000000      0x1d4 d:/program files/truestudio for arm 7.1.1/armtools/bin/../lib/gcc/arm-atollic-eabi/5.3.1/armv6-m\libgcc.a(_divsi3.o)
 .data          0x00000000        0x0 d:/program files/truestudio for arm 7.1.1/armtools/bin/../lib/gcc/arm-atollic-eabi/5.3.1/armv6-m\libgcc.a(_divsi3.o)
 .bss           0x00000000        0x0 d:/program files/truestudio for arm 7.1.1/armtools/bin/../lib/gcc/arm-atollic-eabi/5.3.1/armv6-m\libgcc.a(_divsi3.o)
 .debug_frame   0x00000000       0x20 d:/program files/truestudio for arm 7.1.1/armtools/bin/../lib/gcc/arm-atollic-eabi/5.3.1/armv6-m\libgcc.a(_divsi3.o)
 .ARM.attributes
                0x00000000       0x1e d:/program files/truestudio for arm 7.1.1/armtools/bin/../lib/gcc/arm-atollic-eabi/5.3.1/armv6-m\libgcc.a(_divsi3.o)
 .text          0x00000000        0x4 d:/program files/truestudio for arm 7.1.1/armtools/bin/../lib/gcc/arm-atollic-eabi/5.3.1/armv6-m\libgcc.a(_dvmd_tls.o)
 .data          0x00000000        0x0 d:/program files/truestudio for arm 7.1.1/armtools/bin/../lib/gcc/arm-atollic-eabi/5.3.1/armv6-m\libgcc.a(_dvmd_tls.o)
 .bss           0x00000000        0x0 d:/program files/truestudio for arm 7.1.1/armtools/bin/../lib/gcc/arm-atollic-eabi/5.3.1/armv6-m\libgcc.a(_dvmd_tls.o)
 .ARM.attributes
                0x00000000       0x1e d:/program files/truestudio for arm 7.1.1/armtools/bin/../lib/gcc/arm-atollic-eabi/5.3.1/armv6-m\libgcc.a(_dvmd_tls.o)
 .text          0x00000000      0x62c d:/program files/truestudio for arm 7.1.1/armtools/bin/../lib/gcc/arm-atollic-eabi/5.3.1/armv6-m\libgcc.a(divdf3.o)
 .data          0x00000000        0x0 d:/program files/truestudio for arm 7.1.1/armtools/bin/../lib/gcc/arm-atollic-eabi/5.3.1/armv6-m\libgcc.a(divdf3.o)
 .bss           0x00000000        0x0 d:/program files/truestudio for arm 7.1.1/armtools/bin/../lib/gcc/arm-atollic-eabi/5.3.1/armv6-m\libgcc.a(divdf3.o)
 .rodata        0x00000000       0x40 d:/program files/truestudio for arm 7.1.1/armtools/bin/../lib/gcc/arm-atollic-eabi/5.3.1/armv6-m\libgcc.a(divdf3.o)
 .debug_frame   0x00000000       0x3c d:/program files/truestudio for arm 7.1.1/armtools/bin/../lib/gcc/arm-atollic-eabi/5.3.1/armv6-m\libgcc.a(divdf3.o)
 .ARM.attributes
                0x00000000       0x2c d:/program files/truestudio for arm 7.1.1/armtools/bin/../lib/gcc/arm-atollic-eabi/5.3.1/armv6-m\libgcc.a(divdf3.o)
 .text          0x00000000      0x6a8 d:/program files/truestudio for arm 7.1.1/armtools/bin/../lib/gcc/arm-atollic-eabi/5.3.1/armv6-m\libgcc.a(subdf3.o)
 .data          0x00000000        0x0 d:/program files/truestudio for arm 7.1.1/armtools/bin/../lib/gcc/arm-atollic-eabi/5.3.1/armv6-m\libgcc.a(subdf3.o)
 .bss           0x00000000        0x0 d:/program files/truestudio for arm 7.1.1/armtools/bin/../lib/gcc/arm-atollic-eabi/5.3.1/armv6-m\libgcc.a(subdf3.o)
 .debug_frame   0x00000000       0x38 d:/program files/truestudio for arm 7.1.1/armtools/bin/../lib/gcc/arm-atollic-eabi/5.3.1/armv6-m\libgcc.a(subdf3.o)
 .ARM.attributes
                0x00000000       0x2c d:/program files/truestudio for arm 7.1.1/armtools/bin/../lib/gcc/arm-atollic-eabi/5.3.1/armv6-m\libgcc.a(subdf3.o)
 .text          0x00000000       0x6c d:/program files/truestudio for arm 7.1.1/armtools/bin/../lib/gcc/arm-atollic-eabi/5.3.1/armv6-m\libgcc.a(fixdfsi.o)
 .data          0x00000000        0x0 d:/program files/truestudio for arm 7.1.1/armtools/bin/../lib/gcc/arm-atollic-eabi/5.3.1/armv6-m\libgcc.a(fixdfsi.o)
 .bss           0x00000000        0x0 d:/program files/truestudio for arm 7.1.1/armtools/bin/../lib/gcc/arm-atollic-eabi/5.3.1/armv6-m\libgcc.a(fixdfsi.o)
 .debug_frame   0x00000000       0x2c d:/program files/truestudio for arm 7.1.1/armtools/bin/../lib/gcc/arm-atollic-eabi/5.3.1/armv6-m\libgcc.a(fixdfsi.o)
 .ARM.attributes
                0x00000000       0x2c d:/program files/truestudio for arm 7.1.1/armtools/bin/../lib/gcc/arm-atollic-eabi/5.3.1/armv6-m\libgcc.a(fixdfsi.o)
 .text          0x00000000       0x84 d:/program files/truestudio for arm 7.1.1/armtools/bin/../lib/gcc/arm-atollic-eabi/5.3.1/armv6-m\libgcc.a(floatsidf.o)
 .data          0x00000000        0x0 d:/program files/truestudio for arm 7.1.1/armtools/bin/../lib/gcc/arm-atollic-eabi/5.3.1/armv6-m\libgcc.a(floatsidf.o)
 .bss           0x00000000        0x0 d:/program files/truestudio for arm 7.1.1/armtools/bin/../lib/gcc/arm-atollic-eabi/5.3.1/armv6-m\libgcc.a(floatsidf.o)
 .debug_frame   0x00000000       0x2c d:/program files/truestudio for arm 7.1.1/armtools/bin/../lib/gcc/arm-atollic-eabi/5.3.1/armv6-m\libgcc.a(floatsidf.o)
 .ARM.attributes
                0x00000000       0x2c d:/program files/truestudio for arm 7.1.1/armtools/bin/../lib/gcc/arm-atollic-eabi/5.3.1/armv6-m\libgcc.a(floatsidf.o)
 .text          0x00000000       0x3c d:/program files/truestudio for arm 7.1.1/armtools/bin/../lib/gcc/arm-atollic-eabi/5.3.1/armv6-m\libgcc.a(_clzsi2.o)
 .data          0x00000000        0x0 d:/program files/truestudio for arm 7.1.1/armtools/bin/../lib/gcc/arm-atollic-eabi/5.3.1/armv6-m\libgcc.a(_clzsi2.o)
 .bss           0x00000000        0x0 d:/program files/truestudio for arm 7.1.1/armtools/bin/../lib/gcc/arm-atollic-eabi/5.3.1/armv6-m\libgcc.a(_clzsi2.o)
 .ARM.attributes
                0x00000000       0x1e d:/program files/truestudio for arm 7.1.1/armtools/bin/../lib/gcc/arm-atollic-eabi/5.3.1/armv6-m\libgcc.a(_clzsi2.o)
 .text          0x00000000        0x0 d:/program files/truestudio for arm 7.1.1/armtools/bin/../lib/gcc/arm-atollic-eabi/5.3.1/../../../../arm-atollic-eabi/lib/armv6-m\libnosys.a(write.o)
 .data          0x00000000        0x0 d:/program files/truestudio for arm 7.1.1/armtools/bin/../lib/gcc/arm-atollic-eabi/5.3.1/../../../../arm-atollic-eabi/lib/armv6-m\libnosys.a(write.o)
 .bss           0x00000000        0x0 d:/program files/truestudio for arm 7.1.1/armtools/bin/../lib/gcc/arm-atollic-eabi/5.3.1/../../../../arm-atollic-eabi/lib/armv6-m\libnosys.a(write.o)
 .stab          0x00000000       0x24 d:/program files/truestudio for arm 7.1.1/armtools/bin/../lib/gcc/arm-atollic-eabi/5.3.1/../../../../arm-atollic-eabi/lib/armv6-m\libnosys.a(write.o)
 .text._write   0x00000000       0x10 d:/program files/truestudio for arm 7.1.1/armtools/bin/../lib/gcc/arm-atollic-eabi/5.3.1/../../../../arm-atollic-eabi/lib/armv6-m\libnosys.a(write.o)
 .debug_frame   0x00000000       0x20 d:/program files/truestudio for arm 7.1.1/armtools/bin/../lib/gcc/arm-atollic-eabi/5.3.1/../../../../arm-atollic-eabi/lib/armv6-m\libnosys.a(write.o)
 .ARM.attributes
                0x00000000       0x2c d:/program files/truestudio for arm 7.1.1/armtools/bin/../lib/gcc/arm-atollic-eabi/5.3.1/../../../../arm-atollic-eabi/lib/armv6-m\libnosys.a(write.o)
 .text          0x00000000        0x0 d:/program files/truestudio for arm 7.1.1/armtools/bin/../lib/gcc/arm-atollic-eabi/5.3.1/../../../../arm-atollic-eabi/lib/armv6-m\libnosys.a(errno.o)
 .data          0x00000000        0x0 d:/program files/truestudio for arm 7.1.1/armtools/bin/../lib/gcc/arm-atollic-eabi/5.3.1/../../../../arm-atollic-eabi/lib/armv6-m\libnosys.a(errno.o)
 .bss           0x00000000        0x0 d:/program files/truestudio for arm 7.1.1/armtools/bin/../lib/gcc/arm-atollic-eabi/5.3.1/../../../../arm-atollic-eabi/lib/armv6-m\libnosys.a(errno.o)
 .ARM.attributes
                0x00000000       0x2c d:/program files/truestudio for arm 7.1.1/armtools/bin/../lib/gcc/arm-atollic-eabi/5.3.1/../../../../arm-atollic-eabi/lib/armv6-m\libnosys.a(errno.o)
 COMMON         0x00000000        0x4 d:/program files/truestudio for arm 7.1.1/armtools/bin/../lib/gcc/arm-atollic-eabi/5.3.1/../../../../arm-atollic-eabi/lib/armv6-m\libnosys.a(errno.o)
 .text          0x00000000        0x0 d:/program files/truestudio for arm 7.1.1/armtools/bin/../lib/gcc/arm-atollic-eabi/5.3.1/armv6-m/crtend.o
 .data          0x00000000        0x0 d:/program files/truestudio for arm 7.1.1/armtools/bin/../lib/gcc/arm-atollic-eabi/5.3.1/armv6-m/crtend.o
 .bss           0x00000000        0x0 d:/program files/truestudio for arm 7.1.1/armtools/bin/../lib/gcc/arm-atollic-eabi/5.3.1/armv6-m/crtend.o
 .eh_frame      0x00000000        0x4 d:/program files/truestudio for arm 7.1.1/armtools/bin/../lib/gcc/arm-atollic-eabi/5.3.1/armv6-m/crtend.o
 .ARM.attributes
                0x00000000       0x2c d:/program files/truestudio for arm 7.1.1/armtools/bin/../lib/gcc/arm-atollic-eabi/5.3.1/armv6-m/crtend.o
 .text          0x00000000        0x0 d:/program files/truestudio for arm 7.1.1/armtools/bin/../lib/gcc/arm-atollic-eabi/5.3.1/armv6-m/crtn.o
 .data          0x00000000        0x0 d:/program files/truestudio for arm 7.1.1/armtools/bin/../lib/gcc/arm-atollic-eabi/5.3.1/armv6-m/crtn.o
 .bss           0x00000000        0x0 d:/program files/truestudio for arm 7.1.1/armtools/bin/../lib/gcc/arm-atollic-eabi/5.3.1/armv6-m/crtn.o

Memory Configuration

Name             Origin             Length             Attributes
FLASH            0x08000000         0x00008000         xr
RAM              0x20000000         0x00002000         xrw
MEMORY_B1        0x60000000         0x00000000         xr
*default*        0x00000000         0xffffffff

Linker script and memory map

LOAD d:/program files/truestudio for arm 7.1.1/armtools/bin/../lib/gcc/arm-atollic-eabi/5.3.1/armv6-m/crti.o
LOAD d:/program files/truestudio for arm 7.1.1/armtools/bin/../lib/gcc/arm-atollic-eabi/5.3.1/armv6-m/crtbegin.o
LOAD src\lcd_stm32f0.o
LOAD src\main.o
LOAD src\startup_stm32f051x8.o
LOAD src\system_stm32f0xx.o
LOAD src\tiny_printf.o
START GROUP
LOAD d:/program files/truestudio for arm 7.1.1/armtools/bin/../lib/gcc/arm-atollic-eabi/5.3.1/../../../../arm-atollic-eabi/lib/armv6-m\libc_nano.a
LOAD d:/program files/truestudio for arm 7.1.1/armtools/bin/../lib/gcc/arm-atollic-eabi/5.3.1/../../../../arm-atollic-eabi/lib/armv6-m\libm.a
END GROUP
                0x00000080                malloc_getpagesize_P = 0x80
START GROUP
LOAD d:/program files/truestudio for arm 7.1.1/armtools/bin/../lib/gcc/arm-atollic-eabi/5.3.1/armv6-m\libgcc.a
LOAD d:/program files/truestudio for arm 7.1.1/armtools/bin/../lib/gcc/arm-atollic-eabi/5.3.1/../../../../arm-atollic-eabi/lib/armv6-m\libc_nano.a
END GROUP
START GROUP
LOAD d:/program files/truestudio for arm 7.1.1/armtools/bin/../lib/gcc/arm-atollic-eabi/5.3.1/armv6-m\libgcc.a
LOAD d:/program files/truestudio for arm 7.1.1/armtools/bin/../lib/gcc/arm-atollic-eabi/5.3.1/../../../../arm-atollic-eabi/lib/armv6-m\libc_nano.a
LOAD d:/program files/truestudio for arm 7.1.1/armtools/bin/../lib/gcc/arm-atollic-eabi/5.3.1/../../../../arm-atollic-eabi/lib/armv6-m\libnosys.a
END GROUP
START GROUP
LOAD d:/program files/truestudio for arm 7.1.1/armtools/bin/../lib/gcc/arm-atollic-eabi/5.3.1/armv6-m\libgcc.a
LOAD d:/program files/truestudio for arm 7.1.1/armtools/bin/../lib/gcc/arm-atollic-eabi/5.3.1/../../../../arm-atollic-eabi/lib/armv6-m\libc_nano.a
LOAD d:/program files/truestudio for arm 7.1.1/armtools/bin/../lib/gcc/arm-atollic-eabi/5.3.1/../../../../arm-atollic-eabi/lib/armv6-m\libnosys.a
END GROUP
LOAD d:/program files/truestudio for arm 7.1.1/armtools/bin/../lib/gcc/arm-atollic-eabi/5.3.1/armv6-m/crtend.o
LOAD d:/program files/truestudio for arm 7.1.1/armtools/bin/../lib/gcc/arm-atollic-eabi/5.3.1/armv6-m/crtn.o
                0x20002000                _estack = 0x20002000
                0x00000000                _Min_Heap_Size = 0x0
                0x00000080                _Min_Stack_Size = 0x80

.isr_vector     0x08000000       0xc0
                0x08000000                . = ALIGN (0x4)
 *(.isr_vector)
 .isr_vector    0x08000000       0xc0 src\startup_stm32f051x8.o
                0x08000000                g_pfnVectors
                0x080000c0                . = ALIGN (0x4)

.text           0x080000c0      0xefc
                0x080000c0                . = ALIGN (0x4)
 *(.text)
 .text          0x080000c0       0x48 d:/program files/truestudio for arm 7.1.1/armtools/bin/../lib/gcc/arm-atollic-eabi/5.3.1/armv6-m/crtbegin.o
 *(.text*)
 .text.lcd_command
                0x08000108      0x1a0 src\lcd_stm32f0.o
                0x08000108                lcd_command
 .text.init_LCD
                0x080002a8       0x98 src\lcd_stm32f0.o
                0x080002a8                init_LCD
 .text.lcd_putchar
                0x08000340      0x194 src\lcd_stm32f0.o
                0x08000340                lcd_putchar
 .text.lcd_putstring
                0x080004d4       0x4c src\lcd_stm32f0.o
                0x080004d4                lcd_putstring
 .text.pulse_strobe
                0x08000520       0x4c src\lcd_stm32f0.o
                0x08000520                pulse_strobe
 .text.delay    0x0800056c       0x34 src\lcd_stm32f0.o
                0x0800056c                delay
 .text.init_timer
                0x080005a0      0x100 src\main.o
                0x080005a0                init_timer
 .text.init_ports
                0x080006a0       0x50 src\main.o
                0x080006a0                init_ports
 .text.init_ADC
                0x080006f0       0x6c src\main.o
                0x080006f0                init_ADC
 .text.check_adc5
                0x0800075c       0x34 src\main.o
                0x0800075c                check_adc5
 .text.check_button
                0x08000790       0x68 src\main.o
                0x08000790                check_button
 .text.display_tea
                0x080007f8       0x28 src\main.o
                0x080007f8                display_tea
 .text.conv_tea
                0x08000820       0x8c src\main.o
                0x08000820                conv_tea
 .text.display_sugar
                0x080008ac       0x28 src\main.o
                0x080008ac                display_sugar
 .text.conv_sugar
                0x080008d4       0xe4 src\main.o
                0x080008d4                conv_sugar
 .text.display_confirm
                0x080009b8       0xbc src\main.o
                0x080009b8                display_confirm
 .text.screen_home
                0x08000a74       0x30 src\main.o
                0x08000a74                screen_home
 .text.screen_tea
                0x08000aa4       0x1c src\main.o
                0x08000aa4                screen_tea
 .text.screen_sugar
                0x08000ac0       0x1c src\main.o
                0x08000ac0                screen_sugar
 .text.screen_confirm
                0x08000adc       0x1c src\main.o
                0x08000adc                screen_confirm
 .text.screen_wait
                0x08000af8       0x30 src\main.o
                0x08000af8                screen_wait
 .text.check_screen
                0x08000b28       0xc0 src\main.o
                0x08000b28                check_screen
 .text.drop_ind
                0x08000be8      0x244 src\main.o
                0x08000be8                drop_ind
 .text.main     0x08000e2c       0x24 src\main.o
                0x08000e2c                main
 .text.Reset_Handler
                0x08000e50       0x50 src\startup_stm32f051x8.o
                0x08000e50                Reset_Handler
 .text.Default_Handler
                0x08000ea0        0x2 src\startup_stm32f051x8.o
                0x08000ea0                TIM1_CC_IRQHandler
                0x08000ea0                TSC_IRQHandler
                0x08000ea0                HardFault_Handler
                0x08000ea0                ADC1_COMP_IRQHandler
                0x08000ea0                SysTick_Handler
                0x08000ea0                PVD_IRQHandler
                0x08000ea0                PendSV_Handler
                0x08000ea0                NMI_Handler
                0x08000ea0                I2C1_IRQHandler
                0x08000ea0                RCC_CRS_IRQHandler
                0x08000ea0                SPI1_IRQHandler
                0x08000ea0                TIM6_DAC_IRQHandler
                0x08000ea0                EXTI2_3_IRQHandler
                0x08000ea0                I2C2_IRQHandler
                0x08000ea0                TIM17_IRQHandler
                0x08000ea0                CEC_CAN_IRQHandler
                0x08000ea0                RTC_IRQHandler
                0x08000ea0                TIM16_IRQHandler
                0x08000ea0                TIM3_IRQHandler
                0x08000ea0                EXTI4_15_IRQHandler
                0x08000ea0                DMA1_Channel1_IRQHandler
                0x08000ea0                Default_Handler
                0x08000ea0                TIM14_IRQHandler
                0x08000ea0                DMA1_Channel4_5_IRQHandler
                0x08000ea0                TIM15_IRQHandler
                0x08000ea0                EXTI0_1_IRQHandler
                0x08000ea0                SPI2_IRQHandler
                0x08000ea0                SVC_Handler
                0x08000ea0                WWDG_IRQHandler
                0x08000ea0                TIM2_IRQHandler
                0x08000ea0                DMA1_Channel2_3_IRQHandler
                0x08000ea0                USART2_IRQHandler
                0x08000ea0                FLASH_IRQHandler
                0x08000ea0                USART1_IRQHandler
                0x08000ea0                TIM1_BRK_UP_TRG_COM_IRQHandler
 *fill*         0x08000ea2        0x2 
 .text.SystemInit
                0x08000ea4       0x88 src\system_stm32f0xx.o
                0x08000ea4                SystemInit
 .text.__libc_init_array
                0x08000f2c       0x4c d:/program files/truestudio for arm 7.1.1/armtools/bin/../lib/gcc/arm-atollic-eabi/5.3.1/../../../../arm-atollic-eabi/lib/armv6-m\libc_nano.a(lib_a-init.o)
                0x08000f2c                __libc_init_array
 .text.strcat   0x08000f78       0x1a d:/program files/truestudio for arm 7.1.1/armtools/bin/../lib/gcc/arm-atollic-eabi/5.3.1/../../../../arm-atollic-eabi/lib/armv6-m\libc_nano.a(lib_a-strcat.o)
                0x08000f78                strcat
 .text.strcpy   0x08000f92       0x10 d:/program files/truestudio for arm 7.1.1/armtools/bin/../lib/gcc/arm-atollic-eabi/5.3.1/../../../../arm-atollic-eabi/lib/armv6-m\libc_nano.a(lib_a-strcpy.o)
                0x08000f92                strcpy
 *(.glue_7)
 .glue_7        0x08000fa2        0x0 linker stubs
 *(.glue_7t)
 .glue_7t       0x08000fa2        0x0 linker stubs
 *(.eh_frame)
 *fill*         0x08000fa2        0x2 
 .eh_frame      0x08000fa4        0x0 d:/program files/truestudio for arm 7.1.1/armtools/bin/../lib/gcc/arm-atollic-eabi/5.3.1/armv6-m/crtbegin.o
 *(.init)
 .init          0x08000fa4        0x4 d:/program files/truestudio for arm 7.1.1/armtools/bin/../lib/gcc/arm-atollic-eabi/5.3.1/armv6-m/crti.o
                0x08000fa4                _init
 .init          0x08000fa8        0x8 d:/program files/truestudio for arm 7.1.1/armtools/bin/../lib/gcc/arm-atollic-eabi/5.3.1/armv6-m/crtn.o
 *(.fini)
 .fini          0x08000fb0        0x4 d:/program files/truestudio for arm 7.1.1/armtools/bin/../lib/gcc/arm-atollic-eabi/5.3.1/armv6-m/crti.o
                0x08000fb0                _fini
 .fini          0x08000fb4        0x8 d:/program files/truestudio for arm 7.1.1/armtools/bin/../lib/gcc/arm-atollic-eabi/5.3.1/armv6-m/crtn.o
                0x08000fbc                . = ALIGN (0x4)
                0x08000fbc                _etext = .

.vfp11_veneer   0x08000fbc        0x0
 .vfp11_veneer  0x08000fbc        0x0 linker stubs

.v4_bx          0x08000fbc        0x0
 .v4_bx         0x08000fbc        0x0 linker stubs

.iplt           0x08000fbc        0x0
 .iplt          0x08000fbc        0x0 d:/program files/truestudio for arm 7.1.1/armtools/bin/../lib/gcc/arm-atollic-eabi/5.3.1/armv6-m/crtbegin.o

.rodata         0x08000fbc      0x168
                0x08000fbc                . = ALIGN (0x4)
 *(.rodata)
 .rodata        0x08000fbc      0x166 src\main.o
 *(.rodata*)
                0x08001124                . = ALIGN (0x4)
 *fill*         0x08001122        0x2 

.rel.dyn        0x08001124        0x0
 .rel.iplt      0x08001124        0x0 d:/program files/truestudio for arm 7.1.1/armtools/bin/../lib/gcc/arm-atollic-eabi/5.3.1/armv6-m/crtbegin.o

.ARM.extab
 *(.ARM.extab* .gnu.linkonce.armextab.*)

.ARM            0x08001124        0x0
                0x08001124                __exidx_start = .
 *(.ARM.exidx*)
                0x08001124                __exidx_end = .

.preinit_array  0x08001124        0x0
                0x08001124                PROVIDE (__preinit_array_start, .)
 *(.preinit_array*)
                0x08001124                PROVIDE (__preinit_array_end, .)

.init_array     0x08001124        0x4
                0x08001124                PROVIDE (__init_array_start, .)
 *(SORT(.init_array.*))
 *(.init_array*)
 .init_array    0x08001124        0x4 d:/program files/truestudio for arm 7.1.1/armtools/bin/../lib/gcc/arm-atollic-eabi/5.3.1/armv6-m/crtbegin.o
                0x08001128                PROVIDE (__init_array_end, .)

.fini_array     0x08001128        0x4
                [!provide]                PROVIDE (__fini_array_start, .)
 *(SORT(.fini_array.*))
 *(.fini_array*)
 .fini_array    0x08001128        0x4 d:/program files/truestudio for arm 7.1.1/armtools/bin/../lib/gcc/arm-atollic-eabi/5.3.1/armv6-m/crtbegin.o
                [!provide]                PROVIDE (__fini_array_end, .)
                0x0800112c                _sidata = LOADADDR (.data)

.data           0x20000000        0x8 load address 0x0800112c
                0x20000000                . = ALIGN (0x4)
                0x20000000                _sdata = .
 *(.data)
 *(.data*)
 .data.dummy    0x20000000        0x4 src\main.o
                0x20000000                dummy
 .data.time     0x20000004        0x4 src\main.o
                0x20000004                time
                0x20000008                . = ALIGN (0x4)
                0x20000008                _edata = .

.igot.plt       0x20000008        0x0 load address 0x08001134
 .igot.plt      0x20000008        0x0 d:/program files/truestudio for arm 7.1.1/armtools/bin/../lib/gcc/arm-atollic-eabi/5.3.1/armv6-m/crtbegin.o
                0x20000008                . = ALIGN (0x4)

.bss            0x20000008       0x58 load address 0x08001134
                0x20000008                _sbss = .
                0x20000008                __bss_start__ = _sbss
 *(.bss)
 .bss           0x20000008       0x1c d:/program files/truestudio for arm 7.1.1/armtools/bin/../lib/gcc/arm-atollic-eabi/5.3.1/armv6-m/crtbegin.o
 *(.bss*)
 .bss.pre_adc   0x20000024        0x2 src\main.o
                0x20000024                pre_adc
 *fill*         0x20000026        0x2 
 .bss.sel_sugar
                0x20000028        0x4 src\main.o
                0x20000028                sel_sugar
 .bss.screen_number
                0x2000002c        0x4 src\main.o
                0x2000002c                screen_number
 .bss.teafeed   0x20000030        0x4 src\main.o
                0x20000030                teafeed
 .bss.sugarfeed
                0x20000034        0x4 src\main.o
                0x20000034                sugarfeed
 *(COMMON)
 COMMON         0x20000038       0x28 src\main.o
                0x20000038                tea
                0x2000003c                temp
                0x20000040                level
                0x20000044                sugar_level
                0x20000048                temp_adc
                0x2000004c                sw1
                0x20000050                sel_tea
                0x20000054                ready
                0x20000058                sw2
                0x2000005c                sw0
                0x20000060                . = ALIGN (0x4)
                0x20000060                _ebss = .
                0x20000060                __bss_end__ = _ebss

._user_heap_stack
                0x20000060       0x80 load address 0x08001134
                0x20000060                . = ALIGN (0x4)
                [!provide]                PROVIDE (end, .)
                [!provide]                PROVIDE (_end, .)
                0x20000060                . = (. + _Min_Heap_Size)
                0x200000e0                . = (. + _Min_Stack_Size)
 *fill*         0x20000060       0x80 
                0x200000e0                . = ALIGN (0x4)

.memory_b1_text
 *(.mb1text)
 *(.mb1text*)
 *(.mb1rodata)
 *(.mb1rodata*)

/DISCARD/
 libc.a(*)
 libm.a(*)
 libgcc.a(*)

.ARM.attributes
                0x00000000       0x28
 *(.ARM.attributes)
 .ARM.attributes
                0x00000000       0x1e d:/program files/truestudio for arm 7.1.1/armtools/bin/../lib/gcc/arm-atollic-eabi/5.3.1/armv6-m/crti.o
 .ARM.attributes
                0x0000001e       0x2c d:/program files/truestudio for arm 7.1.1/armtools/bin/../lib/gcc/arm-atollic-eabi/5.3.1/armv6-m/crtbegin.o
 .ARM.attributes
                0x0000004a       0x31 src\lcd_stm32f0.o
 .ARM.attributes
                0x0000007b       0x31 src\main.o
 .ARM.attributes
                0x000000ac       0x21 src\startup_stm32f051x8.o
 .ARM.attributes
                0x000000cd       0x31 src\system_stm32f0xx.o
 .ARM.attributes
                0x000000fe       0x2c d:/program files/truestudio for arm 7.1.1/armtools/bin/../lib/gcc/arm-atollic-eabi/5.3.1/../../../../arm-atollic-eabi/lib/armv6-m\libc_nano.a(lib_a-init.o)
 .ARM.attributes
                0x0000012a       0x2c d:/program files/truestudio for arm 7.1.1/armtools/bin/../lib/gcc/arm-atollic-eabi/5.3.1/../../../../arm-atollic-eabi/lib/armv6-m\libc_nano.a(lib_a-strcat.o)
 .ARM.attributes
                0x00000156       0x2c d:/program files/truestudio for arm 7.1.1/armtools/bin/../lib/gcc/arm-atollic-eabi/5.3.1/../../../../arm-atollic-eabi/lib/armv6-m\libc_nano.a(lib_a-strcpy.o)
 .ARM.attributes
                0x00000182       0x1e d:/program files/truestudio for arm 7.1.1/armtools/bin/../lib/gcc/arm-atollic-eabi/5.3.1/armv6-m/crtn.o
OUTPUT(Testing.elf elf32-littlearm)

.debug_info     0x00000000      0xc9a
 .debug_info    0x00000000      0x2ed src\lcd_stm32f0.o
 .debug_info    0x000002ed      0x6fc src\main.o
 .debug_info    0x000009e9       0x7c src\startup_stm32f051x8.o
 .debug_info    0x00000a65      0x235 src\system_stm32f0xx.o

.debug_abbrev   0x00000000      0x3e7
 .debug_abbrev  0x00000000      0x13c src\lcd_stm32f0.o
 .debug_abbrev  0x0000013c      0x1a9 src\main.o
 .debug_abbrev  0x000002e5       0x12 src\startup_stm32f051x8.o
 .debug_abbrev  0x000002f7       0xf0 src\system_stm32f0xx.o

.debug_aranges  0x00000000      0x158
 .debug_aranges
                0x00000000       0x48 src\lcd_stm32f0.o
 .debug_aranges
                0x00000048       0xc0 src\main.o
 .debug_aranges
                0x00000108       0x28 src\startup_stm32f051x8.o
 .debug_aranges
                0x00000130       0x28 src\system_stm32f0xx.o

.debug_ranges   0x00000000      0x120
 .debug_ranges  0x00000000       0x38 src\lcd_stm32f0.o
 .debug_ranges  0x00000038       0xb0 src\main.o
 .debug_ranges  0x000000e8       0x20 src\startup_stm32f051x8.o
 .debug_ranges  0x00000108       0x18 src\system_stm32f0xx.o

.debug_line     0x00000000      0x7c1
 .debug_line    0x00000000      0x204 src\lcd_stm32f0.o
 .debug_line    0x00000204      0x3bc src\main.o
 .debug_line    0x000005c0       0x7f src\startup_stm32f051x8.o
 .debug_line    0x0000063f      0x182 src\system_stm32f0xx.o

.debug_str      0x00000000      0x4ea
 .debug_str     0x00000000      0x24e src\lcd_stm32f0.o
                                0x298 (size before relaxing)
 .debug_str     0x0000024e      0x20c src\main.o
                                0x42e (size before relaxing)
 .debug_str     0x0000045a       0x90 src\system_stm32f0xx.o
                                0x26c (size before relaxing)

.comment        0x00000000       0x7e
 .comment       0x00000000       0x7e src\lcd_stm32f0.o
                                 0x7f (size before relaxing)
 .comment       0x0000007e       0x7f src\main.o
 .comment       0x0000007e       0x7f src\system_stm32f0xx.o

.debug_frame    0x00000000      0x3f0
 .debug_frame   0x00000000       0xc8 src\lcd_stm32f0.o
 .debug_frame   0x000000c8      0x268 src\main.o
 .debug_frame   0x00000330       0x4c src\system_stm32f0xx.o
 .debug_frame   0x0000037c       0x2c d:/program files/truestudio for arm 7.1.1/armtools/bin/../lib/gcc/arm-atollic-eabi/5.3.1/../../../../arm-atollic-eabi/lib/armv6-m\libc_nano.a(lib_a-init.o)
 .debug_frame   0x000003a8       0x28 d:/program files/truestudio for arm 7.1.1/armtools/bin/../lib/gcc/arm-atollic-eabi/5.3.1/../../../../arm-atollic-eabi/lib/armv6-m\libc_nano.a(lib_a-strcat.o)
 .debug_frame   0x000003d0       0x20 d:/program files/truestudio for arm 7.1.1/armtools/bin/../lib/gcc/arm-atollic-eabi/5.3.1/../../../../arm-atollic-eabi/lib/armv6-m\libc_nano.a(lib_a-strcpy.o)

.stabstr        0x00000000       0x3f
 .stabstr       0x00000000       0x3f d:/program files/truestudio for arm 7.1.1/armtools/bin/../lib/gcc/arm-atollic-eabi/5.3.1/../../../../arm-atollic-eabi/lib/armv6-m\libnosys.a(write.o)

Cross Reference Table

Symbol                                            File
ADC1_COMP_IRQHandler                              src\startup_stm32f051x8.o
AHBPrescTable                                     src\system_stm32f0xx.o
APBPrescTable                                     src\system_stm32f0xx.o
CEC_CAN_IRQHandler                                src\startup_stm32f051x8.o
DMA1_Channel1_IRQHandler                          src\startup_stm32f051x8.o
DMA1_Channel2_3_IRQHandler                        src\startup_stm32f051x8.o
DMA1_Channel4_5_IRQHandler                        src\startup_stm32f051x8.o
Default_Handler                                   src\startup_stm32f051x8.o
EXTI0_1_IRQHandler                                src\startup_stm32f051x8.o
EXTI2_3_IRQHandler                                src\startup_stm32f051x8.o
EXTI4_15_IRQHandler                               src\startup_stm32f051x8.o
FLASH_IRQHandler                                  src\startup_stm32f051x8.o
HardFault_Handler                                 src\startup_stm32f051x8.o
I2C1_IRQHandler                                   src\startup_stm32f051x8.o
I2C2_IRQHandler                                   src\startup_stm32f051x8.o
NMI_Handler                                       src\startup_stm32f051x8.o
PVD_IRQHandler                                    src\startup_stm32f051x8.o
PendSV_Handler                                    src\startup_stm32f051x8.o
RCC_CRS_IRQHandler                                src\startup_stm32f051x8.o
RTC_IRQHandler                                    src\startup_stm32f051x8.o
Reset_Handler                                     src\startup_stm32f051x8.o
SPI1_IRQHandler                                   src\startup_stm32f051x8.o
SPI2_IRQHandler                                   src\startup_stm32f051x8.o
SVC_Handler                                       src\startup_stm32f051x8.o
SysTick_Handler                                   src\startup_stm32f051x8.o
SystemCoreClock                                   src\system_stm32f0xx.o
SystemCoreClockUpdate                             src\system_stm32f0xx.o
SystemInit                                        src\system_stm32f0xx.o
                                                  src\startup_stm32f051x8.o
TIM14_IRQHandler                                  src\startup_stm32f051x8.o
TIM15_IRQHandler                                  src\startup_stm32f051x8.o
TIM16_IRQHandler                                  src\startup_stm32f051x8.o
TIM17_IRQHandler                                  src\startup_stm32f051x8.o
TIM1_BRK_UP_TRG_COM_IRQHandler                    src\startup_stm32f051x8.o
TIM1_CC_IRQHandler                                src\startup_stm32f051x8.o
TIM2_IRQHandler                                   src\startup_stm32f051x8.o
TIM3_IRQHandler                                   src\startup_stm32f051x8.o
TIM6_DAC_IRQHandler                               src\startup_stm32f051x8.o
TSC_IRQHandler                                    src\startup_stm32f051x8.o
USART1_IRQHandler                                 src\startup_stm32f051x8.o
USART2_IRQHandler                                 src\startup_stm32f051x8.o
WWDG_IRQHandler                                   src\startup_stm32f051x8.o
__aeabi_d2iz                                      d:/program files/truestudio for arm 7.1.1/armtools/bin/../lib/gcc/arm-atollic-eabi/5.3.1/armv6-m\libgcc.a(fixdfsi.o)
                                                  src\main.o
__aeabi_ddiv                                      d:/program files/truestudio for arm 7.1.1/armtools/bin/../lib/gcc/arm-atollic-eabi/5.3.1/armv6-m\libgcc.a(divdf3.o)
                                                  src\main.o
__aeabi_dsub                                      d:/program files/truestudio for arm 7.1.1/armtools/bin/../lib/gcc/arm-atollic-eabi/5.3.1/armv6-m\libgcc.a(subdf3.o)
                                                  src\main.o
__aeabi_i2d                                       d:/program files/truestudio for arm 7.1.1/armtools/bin/../lib/gcc/arm-atollic-eabi/5.3.1/armv6-m\libgcc.a(floatsidf.o)
                                                  src\main.o
__aeabi_idiv                                      d:/program files/truestudio for arm 7.1.1/armtools/bin/../lib/gcc/arm-atollic-eabi/5.3.1/armv6-m\libgcc.a(_divsi3.o)
                                                  src\tiny_printf.o
__aeabi_idiv0                                     d:/program files/truestudio for arm 7.1.1/armtools/bin/../lib/gcc/arm-atollic-eabi/5.3.1/armv6-m\libgcc.a(_dvmd_tls.o)
                                                  d:/program files/truestudio for arm 7.1.1/armtools/bin/../lib/gcc/arm-atollic-eabi/5.3.1/armv6-m\libgcc.a(_divsi3.o)
                                                  d:/program files/truestudio for arm 7.1.1/armtools/bin/../lib/gcc/arm-atollic-eabi/5.3.1/armv6-m\libgcc.a(_udivsi3.o)
__aeabi_idivmod                                   d:/program files/truestudio for arm 7.1.1/armtools/bin/../lib/gcc/arm-atollic-eabi/5.3.1/armv6-m\libgcc.a(_divsi3.o)
__aeabi_ldiv0                                     d:/program files/truestudio for arm 7.1.1/armtools/bin/../lib/gcc/arm-atollic-eabi/5.3.1/armv6-m\libgcc.a(_dvmd_tls.o)
__aeabi_uidiv                                     d:/program files/truestudio for arm 7.1.1/armtools/bin/../lib/gcc/arm-atollic-eabi/5.3.1/armv6-m\libgcc.a(_udivsi3.o)
                                                  d:/program files/truestudio for arm 7.1.1/armtools/bin/../lib/gcc/arm-atollic-eabi/5.3.1/armv6-m\libgcc.a(divdf3.o)
                                                  src\tiny_printf.o
                                                  src\system_stm32f0xx.o
__aeabi_uidivmod                                  d:/program files/truestudio for arm 7.1.1/armtools/bin/../lib/gcc/arm-atollic-eabi/5.3.1/armv6-m\libgcc.a(_udivsi3.o)
                                                  d:/program files/truestudio for arm 7.1.1/armtools/bin/../lib/gcc/arm-atollic-eabi/5.3.1/armv6-m\libgcc.a(divdf3.o)
                                                  src\tiny_printf.o
__clzsi2                                          d:/program files/truestudio for arm 7.1.1/armtools/bin/../lib/gcc/arm-atollic-eabi/5.3.1/armv6-m\libgcc.a(_clzsi2.o)
                                                  d:/program files/truestudio for arm 7.1.1/armtools/bin/../lib/gcc/arm-atollic-eabi/5.3.1/armv6-m\libgcc.a(floatsidf.o)
                                                  d:/program files/truestudio for arm 7.1.1/armtools/bin/../lib/gcc/arm-atollic-eabi/5.3.1/armv6-m\libgcc.a(subdf3.o)
                                                  d:/program files/truestudio for arm 7.1.1/armtools/bin/../lib/gcc/arm-atollic-eabi/5.3.1/armv6-m\libgcc.a(divdf3.o)
__deregister_frame_info                           d:/program files/truestudio for arm 7.1.1/armtools/bin/../lib/gcc/arm-atollic-eabi/5.3.1/armv6-m/crtbegin.o
__divsi3                                          d:/program files/truestudio for arm 7.1.1/armtools/bin/../lib/gcc/arm-atollic-eabi/5.3.1/armv6-m\libgcc.a(_divsi3.o)
__dso_handle                                      d:/program files/truestudio for arm 7.1.1/armtools/bin/../lib/gcc/arm-atollic-eabi/5.3.1/armv6-m/crtbegin.o
__init_array_end                                  d:/program files/truestudio for arm 7.1.1/armtools/bin/../lib/gcc/arm-atollic-eabi/5.3.1/../../../../arm-atollic-eabi/lib/armv6-m\libc_nano.a(lib_a-init.o)
__init_array_start                                d:/program files/truestudio for arm 7.1.1/armtools/bin/../lib/gcc/arm-atollic-eabi/5.3.1/../../../../arm-atollic-eabi/lib/armv6-m\libc_nano.a(lib_a-init.o)
__libc_init_array                                 d:/program files/truestudio for arm 7.1.1/armtools/bin/../lib/gcc/arm-atollic-eabi/5.3.1/../../../../arm-atollic-eabi/lib/armv6-m\libc_nano.a(lib_a-init.o)
                                                  src\startup_stm32f051x8.o
__preinit_array_end                               d:/program files/truestudio for arm 7.1.1/armtools/bin/../lib/gcc/arm-atollic-eabi/5.3.1/../../../../arm-atollic-eabi/lib/armv6-m\libc_nano.a(lib_a-init.o)
__preinit_array_start                             d:/program files/truestudio for arm 7.1.1/armtools/bin/../lib/gcc/arm-atollic-eabi/5.3.1/../../../../arm-atollic-eabi/lib/armv6-m\libc_nano.a(lib_a-init.o)
__register_frame_info                             d:/program files/truestudio for arm 7.1.1/armtools/bin/../lib/gcc/arm-atollic-eabi/5.3.1/armv6-m/crtbegin.o
__udivsi3                                         d:/program files/truestudio for arm 7.1.1/armtools/bin/../lib/gcc/arm-atollic-eabi/5.3.1/armv6-m\libgcc.a(_udivsi3.o)
_ebss                                             src\startup_stm32f051x8.o
_edata                                            src\startup_stm32f051x8.o
_estack                                           src\startup_stm32f051x8.o
_fini                                             d:/program files/truestudio for arm 7.1.1/armtools/bin/../lib/gcc/arm-atollic-eabi/5.3.1/armv6-m/crti.o
_init                                             d:/program files/truestudio for arm 7.1.1/armtools/bin/../lib/gcc/arm-atollic-eabi/5.3.1/armv6-m/crti.o
                                                  d:/program files/truestudio for arm 7.1.1/armtools/bin/../lib/gcc/arm-atollic-eabi/5.3.1/../../../../arm-atollic-eabi/lib/armv6-m\libc_nano.a(lib_a-init.o)
_sbss                                             src\startup_stm32f051x8.o
_sdata                                            src\startup_stm32f051x8.o
_sidata                                           src\startup_stm32f051x8.o
_write                                            d:/program files/truestudio for arm 7.1.1/armtools/bin/../lib/gcc/arm-atollic-eabi/5.3.1/../../../../arm-atollic-eabi/lib/armv6-m\libnosys.a(write.o)
                                                  src\tiny_printf.o
check_adc5                                        src\main.o
check_adc6                                        src\main.o
check_button                                      src\main.o
check_screen                                      src\main.o
conv_sugar                                        src\main.o
conv_tea                                          src\main.o
delay                                             src\lcd_stm32f0.o
                                                  src\main.o
display_confirm                                   src\main.o
display_sugar                                     src\main.o
display_tea                                       src\main.o
drop_ind                                          src\main.o
dummy                                             src\main.o
errno                                             d:/program files/truestudio for arm 7.1.1/armtools/bin/../lib/gcc/arm-atollic-eabi/5.3.1/../../../../arm-atollic-eabi/lib/armv6-m\libnosys.a(errno.o)
                                                  d:/program files/truestudio for arm 7.1.1/armtools/bin/../lib/gcc/arm-atollic-eabi/5.3.1/../../../../arm-atollic-eabi/lib/armv6-m\libnosys.a(write.o)
fiprintf                                          src\tiny_printf.o
fprintf                                           src\tiny_printf.o
fputs                                             src\tiny_printf.o
fwrite                                            src\tiny_printf.o
g_pfnVectors                                      src\startup_stm32f051x8.o
init_ADC                                          src\main.o
init_LCD                                          src\lcd_stm32f0.o
                                                  src\main.o
init_ports                                        src\main.o
init_timer                                        src\main.o
iprintf                                           src\tiny_printf.o
lcd_command                                       src\lcd_stm32f0.o
                                                  src\main.o
lcd_putchar                                       src\lcd_stm32f0.o
lcd_putstring                                     src\lcd_stm32f0.o
                                                  src\main.o
level                                             src\main.o
main                                              src\main.o
                                                  src\startup_stm32f051x8.o
make_tea                                          src\main.o
pre_adc                                           src\main.o
printf                                            src\tiny_printf.o
pulse_strobe                                      src\lcd_stm32f0.o
puts                                              src\tiny_printf.o
ready                                             src\main.o
screen_confirm                                    src\main.o
screen_home                                       src\main.o
screen_number                                     src\main.o
screen_sugar                                      src\main.o
screen_tea                                        src\main.o
screen_wait                                       src\main.o
sel_sugar                                         src\main.o
sel_tea                                           src\main.o
siprintf                                          src\tiny_printf.o
sprintf                                           src\tiny_printf.o
strcat                                            d:/program files/truestudio for arm 7.1.1/armtools/bin/../lib/gcc/arm-atollic-eabi/5.3.1/../../../../arm-atollic-eabi/lib/armv6-m\libc_nano.a(lib_a-strcat.o)
                                                  src\main.o
strcpy                                            d:/program files/truestudio for arm 7.1.1/armtools/bin/../lib/gcc/arm-atollic-eabi/5.3.1/../../../../arm-atollic-eabi/lib/armv6-m\libc_nano.a(lib_a-strcpy.o)
                                                  src\main.o
strlen                                            d:/program files/truestudio for arm 7.1.1/armtools/bin/../lib/gcc/arm-atollic-eabi/5.3.1/../../../../arm-atollic-eabi/lib/armv6-m\libc_nano.a(lib_a-strlen.o)
                                                  src\tiny_printf.o
sugar_level                                       src\main.o
sugarfeed                                         src\main.o
sw0                                               src\main.o
sw1                                               src\main.o
sw2                                               src\main.o
tea                                               src\main.o
teafeed                                           src\main.o
temp                                              src\main.o
temp_adc                                          src\main.o
temperature_control                               src\main.o
time                                              src\main.o
ts_formatlength                                   src\tiny_printf.o
ts_formatstring                                   src\tiny_printf.o
ts_itoa                                           src\tiny_printf.o
